# Bake Begins!
### (1 of 6) Copy sources
$ cp -a /home/travis/build/fontdirectory/philosopher/METADATA.json /home/travis/build/fontdirectory/philosopher/builds/build
$ cp -a /home/travis/build/fontdirectory/philosopher/DESCRIPTION.en_us.html /home/travis/build/fontdirectory/philosopher/builds/build
$ cp -a Philosopher-Italic.ttf.ttx Philosopher-Bold.ttf.ttx Philosopher-Regular.ttf.ttx Philosopher-BoldItalic.ttf.ttx Philosopher-Italic.ttf._g_a_s_p.ttx Philosopher-Italic.ttf._n_a_m_e.ttx Philosopher-Italic.ttf.O_S_2f_2.ttx Philosopher-Italic.ttf._h_d_m_x.ttx Philosopher-Italic.ttf.GlyphOrder.ttx Philosopher-Italic.ttf.G_S_U_B_.ttx Philosopher-Italic.ttf._h_h_e_a.ttx Philosopher-Italic.ttf._f_p_g_m.ttx Philosopher-Italic.ttf._c_v_t.ttx Philosopher-Italic.ttf.G_P_O_S_.ttx Philosopher-Italic.ttf._h_m_t_x.ttx Philosopher-Italic.ttf.V_D_M_X_.ttx Philosopher-Italic.ttf._c_m_a_p.ttx Philosopher-Italic.ttf._k_e_r_n.ttx Philosopher-Italic.ttf._m_a_x_p.ttx Philosopher-Italic.ttf._p_o_s_t.ttx Philosopher-Italic.ttf._g_l_y_f.ttx Philosopher-Italic.ttf.L_T_S_H_.ttx Philosopher-Italic.ttf._h_e_a_d.ttx Philosopher-Italic.ttf._p_r_e_p.ttx Philosopher-Italic.ttf._l_o_c_a.ttx Philosopher-Bold.ttf._h_d_m_x.ttx Philosopher-Bold.ttf._g_a_s_p.ttx Philosopher-Bold.ttf._k_e_r_n.ttx Philosopher-Bold.ttf._h_m_t_x.ttx Philosopher-Bold.ttf._p_r_e_p.ttx Philosopher-Bold.ttf.L_T_S_H_.ttx Philosopher-Bold.ttf._c_m_a_p.ttx Philosopher-Bold.ttf.GlyphOrder.ttx Philosopher-Bold.ttf._c_v_t.ttx Philosopher-Bold.ttf._n_a_m_e.ttx Philosopher-Bold.ttf._l_o_c_a.ttx Philosopher-Bold.ttf.G_P_O_S_.ttx Philosopher-Bold.ttf._g_l_y_f.ttx Philosopher-Bold.ttf.V_D_M_X_.ttx Philosopher-Bold.ttf._h_h_e_a.ttx Philosopher-Bold.ttf.O_S_2f_2.ttx Philosopher-Bold.ttf._p_o_s_t.ttx Philosopher-Bold.ttf._h_e_a_d.ttx Philosopher-Bold.ttf.G_S_U_B_.ttx Philosopher-Bold.ttf._m_a_x_p.ttx Philosopher-Bold.ttf._f_p_g_m.ttx Philosopher-Regular.ttf.GlyphOrder.ttx Philosopher-Regular.ttf._h_h_e_a.ttx Philosopher-Regular.ttf._m_a_x_p.ttx Philosopher-Regular.ttf._k_e_r_n.ttx Philosopher-Regular.ttf.L_T_S_H_.ttx Philosopher-Regular.ttf._h_e_a_d.ttx Philosopher-Regular.ttf.O_S_2f_2.ttx Philosopher-Regular.ttf._l_o_c_a.ttx Philosopher-Regular.ttf._p_o_s_t.ttx Philosopher-Regular.ttf.G_S_U_B_.ttx Philosopher-Regular.ttf._c_v_t.ttx Philosopher-Regular.ttf.V_D_M_X_.ttx Philosopher-Regular.ttf._p_r_e_p.ttx Philosopher-Regular.ttf._f_p_g_m.ttx Philosopher-Regular.ttf._h_m_t_x.ttx Philosopher-Regular.ttf._c_m_a_p.ttx Philosopher-Regular.ttf._g_l_y_f.ttx Philosopher-Regular.ttf._h_d_m_x.ttx Philosopher-Regular.ttf._g_a_s_p.ttx Philosopher-Regular.ttf.G_P_O_S_.ttx Philosopher-Regular.ttf._n_a_m_e.ttx Philosopher-BoldItalic.ttf._h_e_a_d.ttx Philosopher-BoldItalic.ttf._p_o_s_t.ttx Philosopher-BoldItalic.ttf._f_p_g_m.ttx Philosopher-BoldItalic.ttf._c_v_t.ttx Philosopher-BoldItalic.ttf._g_a_s_p.ttx Philosopher-BoldItalic.ttf.O_S_2f_2.ttx Philosopher-BoldItalic.ttf.G_S_U_B_.ttx Philosopher-BoldItalic.ttf._h_m_t_x.ttx Philosopher-BoldItalic.ttf._c_m_a_p.ttx Philosopher-BoldItalic.ttf._h_d_m_x.ttx Philosopher-BoldItalic.ttf._n_a_m_e.ttx Philosopher-BoldItalic.ttf.GlyphOrder.ttx Philosopher-BoldItalic.ttf._l_o_c_a.ttx Philosopher-BoldItalic.ttf._m_a_x_p.ttx Philosopher-BoldItalic.ttf._k_e_r_n.ttx Philosopher-BoldItalic.ttf.G_P_O_S_.ttx Philosopher-BoldItalic.ttf.L_T_S_H_.ttx Philosopher-BoldItalic.ttf._h_h_e_a.ttx Philosopher-BoldItalic.ttf._g_l_y_f.ttx Philosopher-BoldItalic.ttf._p_r_e_p.ttx Philosopher-BoldItalic.ttf.V_D_M_X_.ttx /home/travis/build/fontdirectory/philosopher/builds/build/sources
### (2 of 6) pyfontaine
### (3 of 6) Run upstream tests
$ fontbakery-check.py upstream-repo sources
$ fontaine --collections subsets --text /home/travis/build/fontdirectory/philosopher/builds/build/sources/Philosopher-Italic.ttf.ttx /home/travis/build/fontdirectory/philosopher/builds/build/sources/Philosopher-Bold.ttf.ttx /home/travis/build/fontdirectory/philosopher/builds/build/sources/Philosopher-Regular.ttf.ttx /home/travis/build/fontdirectory/philosopher/builds/build/sources/Philosopher-BoldItalic.ttf.ttx > fontaine.txt
bakery_lint.tests.upstream.test_diacritic.TestDiacritic.test_diacritic_made_as_component(): OK
bakery_lint.tests.upstream.test_diacritic.TestDiacritic.test_diacritic_made_as_mark_to_mark(): OK
bakery_lint.tests.upstream.test_diacritic.TestDiacritic.test_diacritic_made_as_own_glyphs(): OK
WARNING: Please install [PyICU](https://pypi.python.org/pypi/PyICU) toenable [feature], perhaps with: pip install pyicu
end of pyfontaine process
bakery_lint.tests.upstream.test_prepolation.FontTestPrepolation.test_font_prepolation_glyph_contours(): OK
bakery_lint.tests.upstream.test_prepolation.FontTestPrepolation.test_font_prepolation_glyph_points(): OK
bakery_lint.tests.upstream.test_prepolation.FontTestPrepolation.test_font_test_prepolation_glyph_names(): OK
bakery_lint.tests.upstream.test_check_upstream_sources.ProjectUpstreamTestCase.test_bakery_yaml_exists(): OK
bakery_lint.tests.upstream.test_check_upstream_sources.ProjectUpstreamTestCase.test_copyright_notices_same_across_family(): OK
bakery_lint.tests.upstream.test_check_upstream_sources.ProjectUpstreamTestCase.test_description_html_exists(): OK
bakery_lint.tests.upstream.test_check_upstream_sources.ProjectUpstreamTestCase.test_fontlog_txt_exists(): FAIL
bakery_lint.tests.upstream.test_check_upstream_sources.ProjectUpstreamTestCase.test_metadata_json_exists(): OK
$ fontbakery-check.py upstream-ttx Philosopher-Italic.ttf.ttx
bakery_lint.tests.upstream.test_check_ttx_requirements.SourceTTXTest.test_epar_in_keys(): FAIL
bakery_lint.tests.upstream.test_check_ttx_requirements.SourceTTXTest.test_os2_in_keys(): OK
bakery_lint.tests.upstream.test_check_ttx_requirements.SourceTTXTest.test_ttx_doesnt_contain_duplicate_glyphs(): OK
bakery_lint.tests.upstream.test_glyphname_does_not_contain_disallowed_chars.TestGlyphNameDoesNotContainsDisallowedChars.test_glyphname_does_not_contain_disallowed_chars(): FAIL
bakery_lint.tests.upstream.test_font_filename_eq_familystyle.TestTTFSourceFontFileNameEqualsFamilyStyle.test_source_ttf_font_filename_equals_familystyle(): FAIL
$ mv /home/travis/build/fontdirectory/philosopher/builds/build/sources/Philosopher-Italic.ttf.ttx /home/travis/build/fontdirectory/philosopher/builds/build/sources/Philosopher-Italic.ttx
bakery_lint.tests.upstream.test_font_filename_eq_familystyle.TestTTFSourceFontFileNameEqualsFamilyStyle.test_source_ttf_font_filename_equals_familystyle(): OK
bakery_lint.tests.upstream.test_check_ttx_fontfamily_recommendations.TTX_FontFamilyNamingTest.test_ttx_family_naming_recommendation(): OK
$ fontbakery-check.py upstream-ttx Philosopher-Bold.ttf.ttx
bakery_lint.tests.upstream.test_check_ttx_requirements.SourceTTXTest.test_epar_in_keys(): FAIL
bakery_lint.tests.upstream.test_check_ttx_requirements.SourceTTXTest.test_os2_in_keys(): OK
bakery_lint.tests.upstream.test_check_ttx_requirements.SourceTTXTest.test_ttx_doesnt_contain_duplicate_glyphs(): OK
bakery_lint.tests.upstream.test_glyphname_does_not_contain_disallowed_chars.TestGlyphNameDoesNotContainsDisallowedChars.test_glyphname_does_not_contain_disallowed_chars(): FAIL
bakery_lint.tests.upstream.test_font_filename_eq_familystyle.TestTTFSourceFontFileNameEqualsFamilyStyle.test_source_ttf_font_filename_equals_familystyle(): FAIL
$ mv /home/travis/build/fontdirectory/philosopher/builds/build/sources/Philosopher-Bold.ttf.ttx /home/travis/build/fontdirectory/philosopher/builds/build/sources/Philosopher-Bold.ttx
bakery_lint.tests.upstream.test_font_filename_eq_familystyle.TestTTFSourceFontFileNameEqualsFamilyStyle.test_source_ttf_font_filename_equals_familystyle(): OK
bakery_lint.tests.upstream.test_check_ttx_fontfamily_recommendations.TTX_FontFamilyNamingTest.test_ttx_family_naming_recommendation(): OK
$ fontbakery-check.py upstream-ttx Philosopher-Regular.ttf.ttx
bakery_lint.tests.upstream.test_check_ttx_requirements.SourceTTXTest.test_epar_in_keys(): FAIL
bakery_lint.tests.upstream.test_check_ttx_requirements.SourceTTXTest.test_os2_in_keys(): OK
bakery_lint.tests.upstream.test_check_ttx_requirements.SourceTTXTest.test_ttx_doesnt_contain_duplicate_glyphs(): OK
bakery_lint.tests.upstream.test_glyphname_does_not_contain_disallowed_chars.TestGlyphNameDoesNotContainsDisallowedChars.test_glyphname_does_not_contain_disallowed_chars(): FAIL
bakery_lint.tests.upstream.test_font_filename_eq_familystyle.TestTTFSourceFontFileNameEqualsFamilyStyle.test_source_ttf_font_filename_equals_familystyle(): FAIL
$ mv /home/travis/build/fontdirectory/philosopher/builds/build/sources/Philosopher-Regular.ttf.ttx /home/travis/build/fontdirectory/philosopher/builds/build/sources/Philosopher-Regular.ttx
bakery_lint.tests.upstream.test_font_filename_eq_familystyle.TestTTFSourceFontFileNameEqualsFamilyStyle.test_source_ttf_font_filename_equals_familystyle(): OK
bakery_lint.tests.upstream.test_check_ttx_fontfamily_recommendations.TTX_FontFamilyNamingTest.test_ttx_family_naming_recommendation(): OK
$ fontbakery-check.py upstream-ttx Philosopher-BoldItalic.ttf.ttx
bakery_lint.tests.upstream.test_check_ttx_requirements.SourceTTXTest.test_epar_in_keys(): FAIL
bakery_lint.tests.upstream.test_check_ttx_requirements.SourceTTXTest.test_os2_in_keys(): OK
bakery_lint.tests.upstream.test_check_ttx_requirements.SourceTTXTest.test_ttx_doesnt_contain_duplicate_glyphs(): OK
bakery_lint.tests.upstream.test_glyphname_does_not_contain_disallowed_chars.TestGlyphNameDoesNotContainsDisallowedChars.test_glyphname_does_not_contain_disallowed_chars(): FAIL
bakery_lint.tests.upstream.test_font_filename_eq_familystyle.TestTTFSourceFontFileNameEqualsFamilyStyle.test_source_ttf_font_filename_equals_familystyle(): FAIL
$ mv /home/travis/build/fontdirectory/philosopher/builds/build/sources/Philosopher-BoldItalic.ttf.ttx /home/travis/build/fontdirectory/philosopher/builds/build/sources/Philosopher-BoldItalic.ttx
bakery_lint.tests.upstream.test_font_filename_eq_familystyle.TestTTFSourceFontFileNameEqualsFamilyStyle.test_source_ttf_font_filename_equals_familystyle(): OK
bakery_lint.tests.upstream.test_check_ttx_fontfamily_recommendations.TTX_FontFamilyNamingTest.test_ttx_family_naming_recommendation(): OK
### (4 of 6) Convert sources to TTF
$ ttx -d /home/travis/build/fontdirectory/philosopher/builds/build /home/travis/build/fontdirectory/philosopher/builds/build/sources/Philosopher-Regular.ttx /home/travis/build/fontdirectory/philosopher/builds/build/sources/Philosopher-Bold.ttx /home/travis/build/fontdirectory/philosopher/builds/build/sources/Philosopher-Italic.ttx /home/travis/build/fontdirectory/philosopher/builds/build/sources/Philosopher-BoldItalic.ttx
Compiling "/home/travis/build/fontdirectory/philosopher/builds/build/sources/Philosopher-Regular.ttx" to "/home/travis/build/fontdirectory/philosopher/builds/build/Philosopher-Regular.ttf"...
Parsing 'GlyphOrder' table...
Parsing 'head' table...
Parsing 'hhea' table...
Parsing 'maxp' table...
Parsing 'OS/2' table...
Parsing 'hmtx' table...
Parsing 'LTSH' table...
Parsing 'VDMX' table...
Parsing 'hdmx' table...
Parsing 'cmap' table...
Parsing 'fpgm' table...
Parsing 'prep' table...
Parsing 'cvt ' table...
Parsing 'loca' table...
Parsing 'glyf' table...
Parsing 'kern' table...
Parsing 'name' table...
Parsing 'post' table...
Parsing 'gasp' table...
Parsing 'GPOS' table...
Parsing 'GSUB' table...
Compiling "/home/travis/build/fontdirectory/philosopher/builds/build/sources/Philosopher-Bold.ttx" to "/home/travis/build/fontdirectory/philosopher/builds/build/Philosopher-Bold.ttf"...
Parsing 'GlyphOrder' table...
Parsing 'head' table...
Parsing 'hhea' table...
Parsing 'maxp' table...
Parsing 'OS/2' table...
Parsing 'hmtx' table...
Parsing 'LTSH' table...
Parsing 'VDMX' table...
Parsing 'hdmx' table...
Parsing 'cmap' table...
Parsing 'fpgm' table...
Parsing 'prep' table...
Parsing 'cvt ' table...
Parsing 'loca' table...
Parsing 'glyf' table...
Parsing 'kern' table...
Parsing 'name' table...
Parsing 'post' table...
Parsing 'gasp' table...
Parsing 'GPOS' table...
Parsing 'GSUB' table...
Compiling "/home/travis/build/fontdirectory/philosopher/builds/build/sources/Philosopher-Italic.ttx" to "/home/travis/build/fontdirectory/philosopher/builds/build/Philosopher-Italic.ttf"...
Parsing 'GlyphOrder' table...
Parsing 'head' table...
Parsing 'hhea' table...
Parsing 'maxp' table...
Parsing 'OS/2' table...
Parsing 'hmtx' table...
Parsing 'LTSH' table...
Parsing 'VDMX' table...
Parsing 'hdmx' table...
Parsing 'cmap' table...
Parsing 'fpgm' table...
Parsing 'prep' table...
Parsing 'cvt ' table...
Parsing 'loca' table...
Parsing 'glyf' table...
Parsing 'kern' table...
Parsing 'name' table...
Parsing 'post' table...
Parsing 'gasp' table...
Parsing 'GPOS' table...
Parsing 'GSUB' table...
Compiling "/home/travis/build/fontdirectory/philosopher/builds/build/sources/Philosopher-BoldItalic.ttx" to "/home/travis/build/fontdirectory/philosopher/builds/build/Philosopher-BoldItalic.ttf"...
Parsing 'GlyphOrder' table...
Parsing 'head' table...
Parsing 'hhea' table...
Parsing 'maxp' table...
Parsing 'OS/2' table...
Parsing 'hmtx' table...
Parsing 'LTSH' table...
Parsing 'VDMX' table...
Parsing 'hdmx' table...
Parsing 'cmap' table...
Parsing 'fpgm' table...
Parsing 'prep' table...
Parsing 'cvt ' table...
Parsing 'loca' table...
Parsing 'glyf' table...
Parsing 'kern' table...
Parsing 'name' table...
Parsing 'post' table...
Parsing 'gasp' table...
Parsing 'GPOS' table...
Parsing 'GSUB' table...
### Test Philosopher-Regular.ttf
$ fontbakery-check.py result Philosopher-Regular.ttf
bakery_lint.tests.downstream.test_check_fontname_matches_macstyle.CheckFontNameEqualToMacStyleFlags.test_fontname_is_equal_to_macstyle(): FAIL
bakery_lint.tests.downstream.test_check_full_font_name_begins_with_family_name.CheckFullFontNameBeginsWithFamilyName.test_check_full_font_name_begins_with_family_name(): OK
bakery_lint.tests.downstream.test_check_os2_width_class.CheckOS2WidthClass.test_check_os2_width_class(): OK
bakery_lint.tests.downstream.test_gpos_table_has_kerning_info.CheckGposTableHasKerningInfo.test_gpos_table_has_kerning_info(): OK
bakery_lint.tests.downstream.test_check_no_problematic_formats.CheckNoProblematicFormats.test_check_no_problematic_formats(): OK
bakery_lint.tests.downstream.test_check_vertical_metrics.CheckVerticalLinegapMetrics.test_metrics_linegaps_are_zero(): OK
bakery_lint.tests.downstream.test_check_vertical_metrics.CheckVerticalAscentMetrics.test_metrics_ascents_equal_bbox(): OK
bakery_lint.tests.downstream.test_check_vertical_metrics.CheckVerticalDescentMetrics.test_metrics_descents_equal_bbox(): OK
bakery_lint.tests.downstream.test_check_upm_heights_less_120.TestCheckUPMHeightsLess120.test_check_upm_heigths_less_120(): OK
bakery_lint.tests.downstream.test_check_unencoded_glyph.TestFontUnencodedGlyph.test_font_unencoded_glyphs(): FAIL
$ fontbakery-fix-glyph-private-encoding.py --autofix /home/travis/build/fontdirectory/philosopher/builds/build/Philosopher-Regular.ttf
$ mv /home/travis/build/fontdirectory/philosopher/builds/build/Philosopher-Regular.ttf.fix /home/travis/build/fontdirectory/philosopher/builds/build/Philosopher-Regular.ttf
bakery_lint.tests.downstream.test_check_unencoded_glyph.TestFontUnencodedGlyph.test_font_unencoded_glyphs(): FAIL
bakery_lint.tests.downstream.test_names_are_ascii_only.CheckNamesAreASCIIOnly.test_check_names_are_ascii_only(): OK
bakery_lint.tests.downstream.test_check_name_table_recommendation.CheckStyleNameRecommendation.test_check_stylename_is_under_recommendations(): OK
bakery_lint.tests.downstream.test_check_name_table_recommendation.CheckOTFamilyNameRecommendation.test_check_opentype_familyname(): FAIL
$ fontbakery-fix-opentype-names.py /home/travis/build/fontdirectory/philosopher/builds/build/Philosopher-Regular.ttf
$ mv /home/travis/build/fontdirectory/philosopher/builds/build/Philosopher-Regular.ttf.fix /home/travis/build/fontdirectory/philosopher/builds/build/Philosopher-Regular.ttf
bakery_lint.tests.downstream.test_check_name_table_recommendation.CheckOTFamilyNameRecommendation.test_check_opentype_familyname(): OK
bakery_lint.tests.downstream.test_check_name_table_recommendation.CheckOTStyleNameRecommendation.test_check_opentype_stylename(): OK
bakery_lint.tests.downstream.test_check_name_table_recommendation.CheckOTFullNameRecommendation.test_check_opentype_fullname(): OK
bakery_lint.tests.downstream.test_check_panose_identification.CheckPanoseIdentification.test_check_panose_identification(): OK
bakery_lint.tests.downstream.test_gasp_table_value.CheckGaspTableType.test_check_gasp_table_type(): FAIL
$ fontbakery-fix-gasp.py --set=15 /home/travis/build/fontdirectory/philosopher/builds/build/Philosopher-Regular.ttf
$ mv /home/travis/build/fontdirectory/philosopher/builds/build/Philosopher-Regular.ttf.fix /home/travis/build/fontdirectory/philosopher/builds/build/Philosopher-Regular.ttf
bakery_lint.tests.downstream.test_gasp_table_value.CheckGaspTableType.test_check_gasp_table_type(): OK
$ fontbakery-fix-gasp.py --set=15 /home/travis/build/fontdirectory/philosopher/builds/build/Philosopher-Regular.ttf
$ mv /home/travis/build/fontdirectory/philosopher/builds/build/Philosopher-Regular.ttf.fix /home/travis/build/fontdirectory/philosopher/builds/build/Philosopher-Regular.ttf
bakery_lint.tests.downstream.test_check_names_same_across_platforms.CheckNamesSameAcrossPlatforms.test_check_names_same_across_platforms(): OK
bakery_lint.tests.downstream.test_check_magic_prep_code.CheckMagicPREPByteCode.test_prep_magic_code(): FAIL
bakery_lint.tests.downstream.test_check_nbsp_width_matches_sp_width.CheckNbspWidthMatchesSpWidth.test_check_nbsp_width_matches_sp_width(): OK
The following table(s) in the font have been ignored by FontForge
  Ignoring 'LTSH' linear threshold table
  Ignoring 'VDMX' vertical device metrics table
  Ignoring 'hdmx' horizontal device metrics table
This font contains both a 'kern' table and a 'GPOS' table.
  The 'kern' table will only be read if there is no 'kern' feature in 'GPOS'.
bakery_lint.tests.downstream.test_fontforge_validation_state.FontForgeValidateStateTest.test_allowed_numbers_paths_in_composite_glyphs(): OK
bakery_lint.tests.downstream.test_fontforge_validation_state.FontForgeValidateStateTest.test_allowed_numbers_paths_in_glyphs(): OK
bakery_lint.tests.downstream.test_fontforge_validation_state.FontForgeValidateStateTest.test_allowed_numbers_points_in_composite_glyphs(): OK
bakery_lint.tests.downstream.test_fontforge_validation_state.FontForgeValidateStateTest.test_allowed_numbers_points_in_glyphs(): OK
bakery_lint.tests.downstream.test_fontforge_validation_state.FontForgeValidateStateTest.test_duplicate_glyphs(): OK
bakery_lint.tests.downstream.test_fontforge_validation_state.FontForgeValidateStateTest.test_duplicate_unicode_codepoints(): OK
bakery_lint.tests.downstream.test_fontforge_validation_state.FontForgeValidateStateTest.test_flipped_reference_in_glyphs(): OK
bakery_lint.tests.downstream.test_fontforge_validation_state.FontForgeValidateStateTest.test_missing_anchors(): OK
bakery_lint.tests.downstream.test_fontforge_validation_state.FontForgeValidateStateTest.test_missing_extrema_in_glyphs(): OK
bakery_lint.tests.downstream.test_fontforge_validation_state.FontForgeValidateStateTest.test_overlapped_hints(): OK
bakery_lint.tests.downstream.test_fontforge_validation_state.FontForgeValidateStateTest.test_points_are_integer_aligned(): OK
bakery_lint.tests.downstream.test_fontforge_validation_state.FontForgeValidateStateTest.test_points_are_not_too_far_apart(): OK
bakery_lint.tests.downstream.test_fontforge_validation_state.FontForgeValidateStateTest.test_postscript_hasnt_limit_hints_in_glyphs(): OK
bakery_lint.tests.downstream.test_fontforge_validation_state.FontForgeValidateStateTest.test_postscript_hasnt_limit_points_in_glyphs(): OK
bakery_lint.tests.downstream.test_fontforge_validation_state.FontForgeValidateStateTest.test_referenced_glyphs_are_present(): OK
bakery_lint.tests.downstream.test_fontforge_validation_state.FontForgeValidateStateTest.test_valid_glyph_names(): OK
bakery_lint.tests.downstream.test_fontforge_validation_state.FontForgeValidateStateTest.test_valid_length_instructions(): OK
bakery_lint.tests.downstream.test_fontforge_validation_state.FontForgeValidateStateTest.test_validation_glyph_intersect(): OK
bakery_lint.tests.downstream.test_fontforge_validation_state.FontForgeValidateStateTest.test_validation_open_contours(): OK
bakery_lint.tests.downstream.test_fontforge_validation_state.FontForgeValidateStateTest.test_wrong_direction_in_glyphs(): OK
bakery_lint.tests.downstream.test_check_italic_angle_agreement.CheckItalicAngleAgreement.test_check_italic_angle_agreement(): OK
bakery_lint.tests.downstream.test_check_font_agreements.CheckFsTypeIsNotSet.test_is_fstype_not_set(): OK
$ fontbakery-fix-fstype.py --autofix /home/travis/build/fontdirectory/philosopher/builds/build/Philosopher-Regular.ttf
$ mv /home/travis/build/fontdirectory/philosopher/builds/build/Philosopher-Regular.ttf.fix /home/travis/build/fontdirectory/philosopher/builds/build/Philosopher-Regular.ttf
bakery_lint.tests.downstream.test_check_font_agreements.CheckFontAgreements.test_em_is_1000(): OK
bakery_lint.tests.downstream.test_check_font_agreements.CheckFontAgreements.test_font_is_font(): OK
bakery_lint.tests.downstream.test_check_font_agreements.CheckFontAgreements.test_latin_file_exists(): FAIL
bakery_lint.tests.downstream.test_check_font_agreements.CheckFontAgreements.test_menu_file_exists(): FAIL
bakery_lint.tests.downstream.test_check_license_included.CheckLicenseIncluded.test_license_included_in_font_names(): OK
bakery_lint.tests.downstream.test_check_font_tables.CheckFontHasDsigTable.test_check_font_has_dsig_table(): FAIL
$ fontbakery-fix-dsig.py /home/travis/build/fontdirectory/philosopher/builds/build/Philosopher-Regular.ttf
$ mv /home/travis/build/fontdirectory/philosopher/builds/build/Philosopher-Regular.ttf.fix /home/travis/build/fontdirectory/philosopher/builds/build/Philosopher-Regular.ttf
bakery_lint.tests.downstream.test_check_font_tables.CheckFontHasDsigTable.test_check_font_has_dsig_table(): OK
bakery_lint.tests.downstream.test_check_font_tables.CheckFontHasNotKernTable.test_no_kern_table_exists(): OK
bakery_lint.tests.downstream.test_check_hmtx_hhea_max_advance_width_agreement.CheckHmtxHheaMaxAdvanceWidthAgreement.test_check_hmtx_hhea_max_advance_width_agreement(): OK
bakery_lint.tests.downstream.test_check_unused_glyph_data.CheckUnusedGlyphData.test_check_unused_glyph_data(): ERROR
bakery_lint.tests.downstream.test_check_glyf_table_length.CheckGlyfTableLength.test_check_glyf_table_length(): FAIL
bakery_lint.tests.downstream.test_check_glyph_existence.CheckGlyphExistence.test_euro(): OK
bakery_lint.tests.downstream.test_check_glyph_existence.CheckGlyphExistence.test_nbsp(): OK
bakery_lint.tests.downstream.test_check_glyph_existence.CheckGlyphExistence.test_space(): OK
### Optimize TTF Philosopher-Regular.ttf
$ ls -l 'Philosopher-Regular.ttf'* # look at the size savings of that subset process
Philosopher-Regular.ttf.opt: 192032 bytes
Philosopher-Regular.ttf: 256948 bytes
$ mv /home/travis/build/fontdirectory/philosopher/builds/build/Philosopher-Regular.ttf.opt /home/travis/build/fontdirectory/philosopher/builds/build/Philosopher-Regular.ttf
### Autohint TTFs (ttfautohint) Philosopher-Regular.ttf
$ ttfautohint -l 7 -r 28 -G 50 -x 13 -w "G" /home/travis/build/fontdirectory/philosopher/builds/build/Philosopher-Regular.ttf '/home/travis/build/fontdirectory/philosopher/builds/build/Philosopher-Regular.autohint.ttf'

$ ls -l /home/travis/build/fontdirectory/philosopher/builds/build/Philosopher-Regular.*ttf # look at the size savings of that subset process
/home/travis/build/fontdirectory/philosopher/builds/build/Philosopher-Regular.ttf: 192032 bytes
/home/travis/build/fontdirectory/philosopher/builds/build/Philosopher-Regular.autohint.ttf: 74704 bytes
$ mv /home/travis/build/fontdirectory/philosopher/builds/build/Philosopher-Regular.autohint.ttf /home/travis/build/fontdirectory/philosopher/builds/build/Philosopher-Regular.ttf
### Subset TTFs (pyftsubset) Philosopher-Regular.ttf
$ pyftsubset Philosopher-Regular.latin
$ pyftsubset Philosopher-Regular.menu
strippedname:/home/travis/build/fontdirectory/philosopher/builds/build/Philosopher-Regular.ttf
### Test Philosopher-Bold.ttf
$ fontbakery-check.py result Philosopher-Bold.ttf
bakery_lint.tests.downstream.test_check_fontname_matches_macstyle.CheckFontNameEqualToMacStyleFlags.test_fontname_is_equal_to_macstyle(): FAIL
bakery_lint.tests.downstream.test_check_full_font_name_begins_with_family_name.CheckFullFontNameBeginsWithFamilyName.test_check_full_font_name_begins_with_family_name(): OK
bakery_lint.tests.downstream.test_check_os2_width_class.CheckOS2WidthClass.test_check_os2_width_class(): OK
bakery_lint.tests.downstream.test_gpos_table_has_kerning_info.CheckGposTableHasKerningInfo.test_gpos_table_has_kerning_info(): OK
bakery_lint.tests.downstream.test_check_no_problematic_formats.CheckNoProblematicFormats.test_check_no_problematic_formats(): OK
bakery_lint.tests.downstream.test_check_vertical_metrics.CheckVerticalLinegapMetrics.test_metrics_linegaps_are_zero(): OK
bakery_lint.tests.downstream.test_check_vertical_metrics.CheckVerticalAscentMetrics.test_metrics_ascents_equal_bbox(): OK
bakery_lint.tests.downstream.test_check_vertical_metrics.CheckVerticalDescentMetrics.test_metrics_descents_equal_bbox(): OK
bakery_lint.tests.downstream.test_check_upm_heights_less_120.TestCheckUPMHeightsLess120.test_check_upm_heigths_less_120(): OK
bakery_lint.tests.downstream.test_check_unencoded_glyph.TestFontUnencodedGlyph.test_font_unencoded_glyphs(): FAIL
$ fontbakery-fix-glyph-private-encoding.py --autofix /home/travis/build/fontdirectory/philosopher/builds/build/Philosopher-Bold.ttf
$ mv /home/travis/build/fontdirectory/philosopher/builds/build/Philosopher-Bold.ttf.fix /home/travis/build/fontdirectory/philosopher/builds/build/Philosopher-Bold.ttf
bakery_lint.tests.downstream.test_check_unencoded_glyph.TestFontUnencodedGlyph.test_font_unencoded_glyphs(): FAIL
bakery_lint.tests.downstream.test_names_are_ascii_only.CheckNamesAreASCIIOnly.test_check_names_are_ascii_only(): OK
bakery_lint.tests.downstream.test_check_name_table_recommendation.CheckStyleNameRecommendation.test_check_stylename_is_under_recommendations(): OK
bakery_lint.tests.downstream.test_check_name_table_recommendation.CheckOTFamilyNameRecommendation.test_check_opentype_familyname(): FAIL
$ fontbakery-fix-opentype-names.py /home/travis/build/fontdirectory/philosopher/builds/build/Philosopher-Bold.ttf
$ mv /home/travis/build/fontdirectory/philosopher/builds/build/Philosopher-Bold.ttf.fix /home/travis/build/fontdirectory/philosopher/builds/build/Philosopher-Bold.ttf
bakery_lint.tests.downstream.test_check_name_table_recommendation.CheckOTFamilyNameRecommendation.test_check_opentype_familyname(): OK
bakery_lint.tests.downstream.test_check_name_table_recommendation.CheckOTStyleNameRecommendation.test_check_opentype_stylename(): OK
bakery_lint.tests.downstream.test_check_name_table_recommendation.CheckOTFullNameRecommendation.test_check_opentype_fullname(): OK
bakery_lint.tests.downstream.test_check_panose_identification.CheckPanoseIdentification.test_check_panose_identification(): OK
bakery_lint.tests.downstream.test_gasp_table_value.CheckGaspTableType.test_check_gasp_table_type(): FAIL
$ fontbakery-fix-gasp.py --set=15 /home/travis/build/fontdirectory/philosopher/builds/build/Philosopher-Bold.ttf
$ mv /home/travis/build/fontdirectory/philosopher/builds/build/Philosopher-Bold.ttf.fix /home/travis/build/fontdirectory/philosopher/builds/build/Philosopher-Bold.ttf
bakery_lint.tests.downstream.test_gasp_table_value.CheckGaspTableType.test_check_gasp_table_type(): OK
$ fontbakery-fix-gasp.py --set=15 /home/travis/build/fontdirectory/philosopher/builds/build/Philosopher-Bold.ttf
$ mv /home/travis/build/fontdirectory/philosopher/builds/build/Philosopher-Bold.ttf.fix /home/travis/build/fontdirectory/philosopher/builds/build/Philosopher-Bold.ttf
bakery_lint.tests.downstream.test_check_names_same_across_platforms.CheckNamesSameAcrossPlatforms.test_check_names_same_across_platforms(): OK
bakery_lint.tests.downstream.test_check_magic_prep_code.CheckMagicPREPByteCode.test_prep_magic_code(): FAIL
bakery_lint.tests.downstream.test_check_nbsp_width_matches_sp_width.CheckNbspWidthMatchesSpWidth.test_check_nbsp_width_matches_sp_width(): OK
The following table(s) in the font have been ignored by FontForge
  Ignoring 'LTSH' linear threshold table
  Ignoring 'VDMX' vertical device metrics table
  Ignoring 'hdmx' horizontal device metrics table
This font contains both a 'kern' table and a 'GPOS' table.
  The 'kern' table will only be read if there is no 'kern' feature in 'GPOS'.
bakery_lint.tests.downstream.test_fontforge_validation_state.FontForgeValidateStateTest.test_allowed_numbers_paths_in_composite_glyphs(): OK
bakery_lint.tests.downstream.test_fontforge_validation_state.FontForgeValidateStateTest.test_allowed_numbers_paths_in_glyphs(): OK
bakery_lint.tests.downstream.test_fontforge_validation_state.FontForgeValidateStateTest.test_allowed_numbers_points_in_composite_glyphs(): OK
bakery_lint.tests.downstream.test_fontforge_validation_state.FontForgeValidateStateTest.test_allowed_numbers_points_in_glyphs(): OK
bakery_lint.tests.downstream.test_fontforge_validation_state.FontForgeValidateStateTest.test_duplicate_glyphs(): OK
bakery_lint.tests.downstream.test_fontforge_validation_state.FontForgeValidateStateTest.test_duplicate_unicode_codepoints(): OK
bakery_lint.tests.downstream.test_fontforge_validation_state.FontForgeValidateStateTest.test_flipped_reference_in_glyphs(): OK
bakery_lint.tests.downstream.test_fontforge_validation_state.FontForgeValidateStateTest.test_missing_anchors(): OK
bakery_lint.tests.downstream.test_fontforge_validation_state.FontForgeValidateStateTest.test_missing_extrema_in_glyphs(): OK
bakery_lint.tests.downstream.test_fontforge_validation_state.FontForgeValidateStateTest.test_overlapped_hints(): OK
bakery_lint.tests.downstream.test_fontforge_validation_state.FontForgeValidateStateTest.test_points_are_integer_aligned(): OK
bakery_lint.tests.downstream.test_fontforge_validation_state.FontForgeValidateStateTest.test_points_are_not_too_far_apart(): OK
bakery_lint.tests.downstream.test_fontforge_validation_state.FontForgeValidateStateTest.test_postscript_hasnt_limit_hints_in_glyphs(): OK
bakery_lint.tests.downstream.test_fontforge_validation_state.FontForgeValidateStateTest.test_postscript_hasnt_limit_points_in_glyphs(): OK
bakery_lint.tests.downstream.test_fontforge_validation_state.FontForgeValidateStateTest.test_referenced_glyphs_are_present(): OK
bakery_lint.tests.downstream.test_fontforge_validation_state.FontForgeValidateStateTest.test_valid_glyph_names(): OK
bakery_lint.tests.downstream.test_fontforge_validation_state.FontForgeValidateStateTest.test_valid_length_instructions(): OK
bakery_lint.tests.downstream.test_fontforge_validation_state.FontForgeValidateStateTest.test_validation_glyph_intersect(): OK
bakery_lint.tests.downstream.test_fontforge_validation_state.FontForgeValidateStateTest.test_validation_open_contours(): OK
bakery_lint.tests.downstream.test_fontforge_validation_state.FontForgeValidateStateTest.test_wrong_direction_in_glyphs(): OK
bakery_lint.tests.downstream.test_check_italic_angle_agreement.CheckItalicAngleAgreement.test_check_italic_angle_agreement(): OK
bakery_lint.tests.downstream.test_check_font_agreements.CheckFsTypeIsNotSet.test_is_fstype_not_set(): OK
$ fontbakery-fix-fstype.py --autofix /home/travis/build/fontdirectory/philosopher/builds/build/Philosopher-Bold.ttf
$ mv /home/travis/build/fontdirectory/philosopher/builds/build/Philosopher-Bold.ttf.fix /home/travis/build/fontdirectory/philosopher/builds/build/Philosopher-Bold.ttf
bakery_lint.tests.downstream.test_check_font_agreements.CheckFontAgreements.test_em_is_1000(): OK
bakery_lint.tests.downstream.test_check_font_agreements.CheckFontAgreements.test_font_is_font(): OK
bakery_lint.tests.downstream.test_check_font_agreements.CheckFontAgreements.test_latin_file_exists(): FAIL
bakery_lint.tests.downstream.test_check_font_agreements.CheckFontAgreements.test_menu_file_exists(): FAIL
bakery_lint.tests.downstream.test_check_license_included.CheckLicenseIncluded.test_license_included_in_font_names(): OK
bakery_lint.tests.downstream.test_check_font_tables.CheckFontHasDsigTable.test_check_font_has_dsig_table(): FAIL
$ fontbakery-fix-dsig.py /home/travis/build/fontdirectory/philosopher/builds/build/Philosopher-Bold.ttf
$ mv /home/travis/build/fontdirectory/philosopher/builds/build/Philosopher-Bold.ttf.fix /home/travis/build/fontdirectory/philosopher/builds/build/Philosopher-Bold.ttf
bakery_lint.tests.downstream.test_check_font_tables.CheckFontHasDsigTable.test_check_font_has_dsig_table(): OK
bakery_lint.tests.downstream.test_check_font_tables.CheckFontHasNotKernTable.test_no_kern_table_exists(): OK
bakery_lint.tests.downstream.test_check_hmtx_hhea_max_advance_width_agreement.CheckHmtxHheaMaxAdvanceWidthAgreement.test_check_hmtx_hhea_max_advance_width_agreement(): OK
bakery_lint.tests.downstream.test_check_unused_glyph_data.CheckUnusedGlyphData.test_check_unused_glyph_data(): ERROR
bakery_lint.tests.downstream.test_check_glyf_table_length.CheckGlyfTableLength.test_check_glyf_table_length(): FAIL
bakery_lint.tests.downstream.test_check_glyph_existence.CheckGlyphExistence.test_euro(): OK
bakery_lint.tests.downstream.test_check_glyph_existence.CheckGlyphExistence.test_nbsp(): OK
bakery_lint.tests.downstream.test_check_glyph_existence.CheckGlyphExistence.test_space(): OK
### Optimize TTF Philosopher-Bold.ttf
$ ls -l 'Philosopher-Bold.ttf'* # look at the size savings of that subset process
Philosopher-Bold.ttf.opt: 146292 bytes
Philosopher-Bold.ttf: 210976 bytes
$ mv /home/travis/build/fontdirectory/philosopher/builds/build/Philosopher-Bold.ttf.opt /home/travis/build/fontdirectory/philosopher/builds/build/Philosopher-Bold.ttf
### Autohint TTFs (ttfautohint) Philosopher-Bold.ttf
$ ttfautohint -l 7 -r 28 -G 50 -x 13 -w "G" /home/travis/build/fontdirectory/philosopher/builds/build/Philosopher-Bold.ttf '/home/travis/build/fontdirectory/philosopher/builds/build/Philosopher-Bold.autohint.ttf'

$ ls -l /home/travis/build/fontdirectory/philosopher/builds/build/Philosopher-Bold.*ttf # look at the size savings of that subset process
/home/travis/build/fontdirectory/philosopher/builds/build/Philosopher-Bold.ttf: 146292 bytes
/home/travis/build/fontdirectory/philosopher/builds/build/Philosopher-Bold.autohint.ttf: 74576 bytes
$ mv /home/travis/build/fontdirectory/philosopher/builds/build/Philosopher-Bold.autohint.ttf /home/travis/build/fontdirectory/philosopher/builds/build/Philosopher-Bold.ttf
### Subset TTFs (pyftsubset) Philosopher-Bold.ttf
$ pyftsubset Philosopher-Bold.latin
$ pyftsubset Philosopher-Bold.menu
strippedname:/home/travis/build/fontdirectory/philosopher/builds/build/Philosopher-Bold.ttf
### Test Philosopher-Italic.ttf
$ fontbakery-check.py result Philosopher-Italic.ttf
bakery_lint.tests.downstream.test_check_fontname_matches_macstyle.CheckFontNameEqualToMacStyleFlags.test_fontname_is_equal_to_macstyle(): FAIL
bakery_lint.tests.downstream.test_check_full_font_name_begins_with_family_name.CheckFullFontNameBeginsWithFamilyName.test_check_full_font_name_begins_with_family_name(): OK
bakery_lint.tests.downstream.test_check_os2_width_class.CheckOS2WidthClass.test_check_os2_width_class(): OK
bakery_lint.tests.downstream.test_gpos_table_has_kerning_info.CheckGposTableHasKerningInfo.test_gpos_table_has_kerning_info(): OK
bakery_lint.tests.downstream.test_check_no_problematic_formats.CheckNoProblematicFormats.test_check_no_problematic_formats(): OK
bakery_lint.tests.downstream.test_check_vertical_metrics.CheckVerticalLinegapMetrics.test_metrics_linegaps_are_zero(): OK
bakery_lint.tests.downstream.test_check_vertical_metrics.CheckVerticalAscentMetrics.test_metrics_ascents_equal_bbox(): OK
bakery_lint.tests.downstream.test_check_vertical_metrics.CheckVerticalDescentMetrics.test_metrics_descents_equal_bbox(): OK
bakery_lint.tests.downstream.test_check_upm_heights_less_120.TestCheckUPMHeightsLess120.test_check_upm_heigths_less_120(): OK
bakery_lint.tests.downstream.test_check_unencoded_glyph.TestFontUnencodedGlyph.test_font_unencoded_glyphs(): FAIL
$ fontbakery-fix-glyph-private-encoding.py --autofix /home/travis/build/fontdirectory/philosopher/builds/build/Philosopher-Italic.ttf
$ mv /home/travis/build/fontdirectory/philosopher/builds/build/Philosopher-Italic.ttf.fix /home/travis/build/fontdirectory/philosopher/builds/build/Philosopher-Italic.ttf
bakery_lint.tests.downstream.test_check_unencoded_glyph.TestFontUnencodedGlyph.test_font_unencoded_glyphs(): FAIL
bakery_lint.tests.downstream.test_names_are_ascii_only.CheckNamesAreASCIIOnly.test_check_names_are_ascii_only(): OK
bakery_lint.tests.downstream.test_check_name_table_recommendation.CheckStyleNameRecommendation.test_check_stylename_is_under_recommendations(): OK
bakery_lint.tests.downstream.test_check_name_table_recommendation.CheckOTFamilyNameRecommendation.test_check_opentype_familyname(): FAIL
$ fontbakery-fix-opentype-names.py /home/travis/build/fontdirectory/philosopher/builds/build/Philosopher-Italic.ttf
$ mv /home/travis/build/fontdirectory/philosopher/builds/build/Philosopher-Italic.ttf.fix /home/travis/build/fontdirectory/philosopher/builds/build/Philosopher-Italic.ttf
bakery_lint.tests.downstream.test_check_name_table_recommendation.CheckOTFamilyNameRecommendation.test_check_opentype_familyname(): OK
bakery_lint.tests.downstream.test_check_name_table_recommendation.CheckOTStyleNameRecommendation.test_check_opentype_stylename(): FAIL
$ fontbakery-fix-opentype-names.py /home/travis/build/fontdirectory/philosopher/builds/build/Philosopher-Italic.ttf
$ mv /home/travis/build/fontdirectory/philosopher/builds/build/Philosopher-Italic.ttf.fix /home/travis/build/fontdirectory/philosopher/builds/build/Philosopher-Italic.ttf
bakery_lint.tests.downstream.test_check_name_table_recommendation.CheckOTStyleNameRecommendation.test_check_opentype_stylename(): FAIL
bakery_lint.tests.downstream.test_check_name_table_recommendation.CheckOTFullNameRecommendation.test_check_opentype_fullname(): OK
bakery_lint.tests.downstream.test_check_panose_identification.CheckPanoseIdentification.test_check_panose_identification(): OK
bakery_lint.tests.downstream.test_gasp_table_value.CheckGaspTableType.test_check_gasp_table_type(): FAIL
$ fontbakery-fix-gasp.py --set=15 /home/travis/build/fontdirectory/philosopher/builds/build/Philosopher-Italic.ttf
$ mv /home/travis/build/fontdirectory/philosopher/builds/build/Philosopher-Italic.ttf.fix /home/travis/build/fontdirectory/philosopher/builds/build/Philosopher-Italic.ttf
bakery_lint.tests.downstream.test_gasp_table_value.CheckGaspTableType.test_check_gasp_table_type(): OK
$ fontbakery-fix-gasp.py --set=15 /home/travis/build/fontdirectory/philosopher/builds/build/Philosopher-Italic.ttf
$ mv /home/travis/build/fontdirectory/philosopher/builds/build/Philosopher-Italic.ttf.fix /home/travis/build/fontdirectory/philosopher/builds/build/Philosopher-Italic.ttf
bakery_lint.tests.downstream.test_check_names_same_across_platforms.CheckNamesSameAcrossPlatforms.test_check_names_same_across_platforms(): OK
bakery_lint.tests.downstream.test_check_magic_prep_code.CheckMagicPREPByteCode.test_prep_magic_code(): FAIL
bakery_lint.tests.downstream.test_check_nbsp_width_matches_sp_width.CheckNbspWidthMatchesSpWidth.test_check_nbsp_width_matches_sp_width(): OK
The following table(s) in the font have been ignored by FontForge
  Ignoring 'LTSH' linear threshold table
  Ignoring 'VDMX' vertical device metrics table
  Ignoring 'hdmx' horizontal device metrics table
This font contains both a 'kern' table and a 'GPOS' table.
  The 'kern' table will only be read if there is no 'kern' feature in 'GPOS'.
bakery_lint.tests.downstream.test_fontforge_validation_state.FontForgeValidateStateTest.test_allowed_numbers_paths_in_composite_glyphs(): OK
bakery_lint.tests.downstream.test_fontforge_validation_state.FontForgeValidateStateTest.test_allowed_numbers_paths_in_glyphs(): OK
bakery_lint.tests.downstream.test_fontforge_validation_state.FontForgeValidateStateTest.test_allowed_numbers_points_in_composite_glyphs(): OK
bakery_lint.tests.downstream.test_fontforge_validation_state.FontForgeValidateStateTest.test_allowed_numbers_points_in_glyphs(): OK
bakery_lint.tests.downstream.test_fontforge_validation_state.FontForgeValidateStateTest.test_duplicate_glyphs(): OK
bakery_lint.tests.downstream.test_fontforge_validation_state.FontForgeValidateStateTest.test_duplicate_unicode_codepoints(): OK
bakery_lint.tests.downstream.test_fontforge_validation_state.FontForgeValidateStateTest.test_flipped_reference_in_glyphs(): OK
bakery_lint.tests.downstream.test_fontforge_validation_state.FontForgeValidateStateTest.test_missing_anchors(): OK
bakery_lint.tests.downstream.test_fontforge_validation_state.FontForgeValidateStateTest.test_missing_extrema_in_glyphs(): OK
bakery_lint.tests.downstream.test_fontforge_validation_state.FontForgeValidateStateTest.test_overlapped_hints(): OK
bakery_lint.tests.downstream.test_fontforge_validation_state.FontForgeValidateStateTest.test_points_are_integer_aligned(): OK
bakery_lint.tests.downstream.test_fontforge_validation_state.FontForgeValidateStateTest.test_points_are_not_too_far_apart(): OK
bakery_lint.tests.downstream.test_fontforge_validation_state.FontForgeValidateStateTest.test_postscript_hasnt_limit_hints_in_glyphs(): OK
bakery_lint.tests.downstream.test_fontforge_validation_state.FontForgeValidateStateTest.test_postscript_hasnt_limit_points_in_glyphs(): OK
bakery_lint.tests.downstream.test_fontforge_validation_state.FontForgeValidateStateTest.test_referenced_glyphs_are_present(): OK
bakery_lint.tests.downstream.test_fontforge_validation_state.FontForgeValidateStateTest.test_valid_glyph_names(): OK
bakery_lint.tests.downstream.test_fontforge_validation_state.FontForgeValidateStateTest.test_valid_length_instructions(): OK
bakery_lint.tests.downstream.test_fontforge_validation_state.FontForgeValidateStateTest.test_validation_glyph_intersect(): OK
bakery_lint.tests.downstream.test_fontforge_validation_state.FontForgeValidateStateTest.test_validation_open_contours(): OK
bakery_lint.tests.downstream.test_fontforge_validation_state.FontForgeValidateStateTest.test_wrong_direction_in_glyphs(): OK
bakery_lint.tests.downstream.test_check_italic_angle_agreement.CheckItalicAngleAgreement.test_check_italic_angle_agreement(): OK
bakery_lint.tests.downstream.test_check_font_agreements.CheckFsTypeIsNotSet.test_is_fstype_not_set(): OK
$ fontbakery-fix-fstype.py --autofix /home/travis/build/fontdirectory/philosopher/builds/build/Philosopher-Italic.ttf
$ mv /home/travis/build/fontdirectory/philosopher/builds/build/Philosopher-Italic.ttf.fix /home/travis/build/fontdirectory/philosopher/builds/build/Philosopher-Italic.ttf
bakery_lint.tests.downstream.test_check_font_agreements.CheckFontAgreements.test_em_is_1000(): OK
bakery_lint.tests.downstream.test_check_font_agreements.CheckFontAgreements.test_font_is_font(): OK
bakery_lint.tests.downstream.test_check_font_agreements.CheckFontAgreements.test_latin_file_exists(): FAIL
bakery_lint.tests.downstream.test_check_font_agreements.CheckFontAgreements.test_menu_file_exists(): FAIL
bakery_lint.tests.downstream.test_check_license_included.CheckLicenseIncluded.test_license_included_in_font_names(): OK
bakery_lint.tests.downstream.test_check_font_tables.CheckFontHasDsigTable.test_check_font_has_dsig_table(): FAIL
$ fontbakery-fix-dsig.py /home/travis/build/fontdirectory/philosopher/builds/build/Philosopher-Italic.ttf
$ mv /home/travis/build/fontdirectory/philosopher/builds/build/Philosopher-Italic.ttf.fix /home/travis/build/fontdirectory/philosopher/builds/build/Philosopher-Italic.ttf
bakery_lint.tests.downstream.test_check_font_tables.CheckFontHasDsigTable.test_check_font_has_dsig_table(): OK
bakery_lint.tests.downstream.test_check_font_tables.CheckFontHasNotKernTable.test_no_kern_table_exists(): OK
bakery_lint.tests.downstream.test_check_hmtx_hhea_max_advance_width_agreement.CheckHmtxHheaMaxAdvanceWidthAgreement.test_check_hmtx_hhea_max_advance_width_agreement(): OK
bakery_lint.tests.downstream.test_check_unused_glyph_data.CheckUnusedGlyphData.test_check_unused_glyph_data(): ERROR
bakery_lint.tests.downstream.test_check_glyf_table_length.CheckGlyfTableLength.test_check_glyf_table_length(): FAIL
bakery_lint.tests.downstream.test_check_glyph_existence.CheckGlyphExistence.test_euro(): OK
bakery_lint.tests.downstream.test_check_glyph_existence.CheckGlyphExistence.test_nbsp(): OK
bakery_lint.tests.downstream.test_check_glyph_existence.CheckGlyphExistence.test_space(): OK
### Optimize TTF Philosopher-Italic.ttf
$ ls -l 'Philosopher-Italic.ttf'* # look at the size savings of that subset process
Philosopher-Italic.ttf.opt: 172544 bytes
Philosopher-Italic.ttf: 240568 bytes
$ mv /home/travis/build/fontdirectory/philosopher/builds/build/Philosopher-Italic.ttf.opt /home/travis/build/fontdirectory/philosopher/builds/build/Philosopher-Italic.ttf
### Autohint TTFs (ttfautohint) Philosopher-Italic.ttf
$ ttfautohint -l 7 -r 28 -G 50 -x 13 -w "G" /home/travis/build/fontdirectory/philosopher/builds/build/Philosopher-Italic.ttf '/home/travis/build/fontdirectory/philosopher/builds/build/Philosopher-Italic.autohint.ttf'

$ ls -l /home/travis/build/fontdirectory/philosopher/builds/build/Philosopher-Italic.*ttf # look at the size savings of that subset process
/home/travis/build/fontdirectory/philosopher/builds/build/Philosopher-Italic.ttf: 172544 bytes
/home/travis/build/fontdirectory/philosopher/builds/build/Philosopher-Italic.autohint.ttf: 78424 bytes
$ mv /home/travis/build/fontdirectory/philosopher/builds/build/Philosopher-Italic.autohint.ttf /home/travis/build/fontdirectory/philosopher/builds/build/Philosopher-Italic.ttf
### Subset TTFs (pyftsubset) Philosopher-Italic.ttf
$ pyftsubset Philosopher-Italic.latin
$ pyftsubset Philosopher-Italic.menu
strippedname:/home/travis/build/fontdirectory/philosopher/builds/build/Philosopher-Italic.ttf
### Test Philosopher-BoldItalic.ttf
$ fontbakery-check.py result Philosopher-BoldItalic.ttf
bakery_lint.tests.downstream.test_check_fontname_matches_macstyle.CheckFontNameEqualToMacStyleFlags.test_fontname_is_equal_to_macstyle(): FAIL
bakery_lint.tests.downstream.test_check_full_font_name_begins_with_family_name.CheckFullFontNameBeginsWithFamilyName.test_check_full_font_name_begins_with_family_name(): OK
bakery_lint.tests.downstream.test_check_os2_width_class.CheckOS2WidthClass.test_check_os2_width_class(): OK
bakery_lint.tests.downstream.test_gpos_table_has_kerning_info.CheckGposTableHasKerningInfo.test_gpos_table_has_kerning_info(): OK
bakery_lint.tests.downstream.test_check_no_problematic_formats.CheckNoProblematicFormats.test_check_no_problematic_formats(): OK
bakery_lint.tests.downstream.test_check_vertical_metrics.CheckVerticalLinegapMetrics.test_metrics_linegaps_are_zero(): OK
bakery_lint.tests.downstream.test_check_vertical_metrics.CheckVerticalAscentMetrics.test_metrics_ascents_equal_bbox(): OK
bakery_lint.tests.downstream.test_check_vertical_metrics.CheckVerticalDescentMetrics.test_metrics_descents_equal_bbox(): OK
bakery_lint.tests.downstream.test_check_upm_heights_less_120.TestCheckUPMHeightsLess120.test_check_upm_heigths_less_120(): OK
bakery_lint.tests.downstream.test_check_unencoded_glyph.TestFontUnencodedGlyph.test_font_unencoded_glyphs(): FAIL
$ fontbakery-fix-glyph-private-encoding.py --autofix /home/travis/build/fontdirectory/philosopher/builds/build/Philosopher-BoldItalic.ttf
$ mv /home/travis/build/fontdirectory/philosopher/builds/build/Philosopher-BoldItalic.ttf.fix /home/travis/build/fontdirectory/philosopher/builds/build/Philosopher-BoldItalic.ttf
bakery_lint.tests.downstream.test_check_unencoded_glyph.TestFontUnencodedGlyph.test_font_unencoded_glyphs(): FAIL
bakery_lint.tests.downstream.test_names_are_ascii_only.CheckNamesAreASCIIOnly.test_check_names_are_ascii_only(): OK
bakery_lint.tests.downstream.test_check_name_table_recommendation.CheckStyleNameRecommendation.test_check_stylename_is_under_recommendations(): OK
bakery_lint.tests.downstream.test_check_name_table_recommendation.CheckOTFamilyNameRecommendation.test_check_opentype_familyname(): FAIL
$ fontbakery-fix-opentype-names.py /home/travis/build/fontdirectory/philosopher/builds/build/Philosopher-BoldItalic.ttf
$ mv /home/travis/build/fontdirectory/philosopher/builds/build/Philosopher-BoldItalic.ttf.fix /home/travis/build/fontdirectory/philosopher/builds/build/Philosopher-BoldItalic.ttf
bakery_lint.tests.downstream.test_check_name_table_recommendation.CheckOTFamilyNameRecommendation.test_check_opentype_familyname(): OK
bakery_lint.tests.downstream.test_check_name_table_recommendation.CheckOTStyleNameRecommendation.test_check_opentype_stylename(): OK
bakery_lint.tests.downstream.test_check_name_table_recommendation.CheckOTFullNameRecommendation.test_check_opentype_fullname(): OK
bakery_lint.tests.downstream.test_check_panose_identification.CheckPanoseIdentification.test_check_panose_identification(): OK
bakery_lint.tests.downstream.test_gasp_table_value.CheckGaspTableType.test_check_gasp_table_type(): FAIL
$ fontbakery-fix-gasp.py --set=15 /home/travis/build/fontdirectory/philosopher/builds/build/Philosopher-BoldItalic.ttf
$ mv /home/travis/build/fontdirectory/philosopher/builds/build/Philosopher-BoldItalic.ttf.fix /home/travis/build/fontdirectory/philosopher/builds/build/Philosopher-BoldItalic.ttf
bakery_lint.tests.downstream.test_gasp_table_value.CheckGaspTableType.test_check_gasp_table_type(): OK
$ fontbakery-fix-gasp.py --set=15 /home/travis/build/fontdirectory/philosopher/builds/build/Philosopher-BoldItalic.ttf
$ mv /home/travis/build/fontdirectory/philosopher/builds/build/Philosopher-BoldItalic.ttf.fix /home/travis/build/fontdirectory/philosopher/builds/build/Philosopher-BoldItalic.ttf
bakery_lint.tests.downstream.test_check_names_same_across_platforms.CheckNamesSameAcrossPlatforms.test_check_names_same_across_platforms(): OK
bakery_lint.tests.downstream.test_check_magic_prep_code.CheckMagicPREPByteCode.test_prep_magic_code(): FAIL
bakery_lint.tests.downstream.test_check_nbsp_width_matches_sp_width.CheckNbspWidthMatchesSpWidth.test_check_nbsp_width_matches_sp_width(): OK
The following table(s) in the font have been ignored by FontForge
  Ignoring 'LTSH' linear threshold table
  Ignoring 'VDMX' vertical device metrics table
  Ignoring 'hdmx' horizontal device metrics table
This font contains both a 'kern' table and a 'GPOS' table.
  The 'kern' table will only be read if there is no 'kern' feature in 'GPOS'.
bakery_lint.tests.downstream.test_fontforge_validation_state.FontForgeValidateStateTest.test_allowed_numbers_paths_in_composite_glyphs(): OK
bakery_lint.tests.downstream.test_fontforge_validation_state.FontForgeValidateStateTest.test_allowed_numbers_paths_in_glyphs(): OK
bakery_lint.tests.downstream.test_fontforge_validation_state.FontForgeValidateStateTest.test_allowed_numbers_points_in_composite_glyphs(): OK
bakery_lint.tests.downstream.test_fontforge_validation_state.FontForgeValidateStateTest.test_allowed_numbers_points_in_glyphs(): OK
bakery_lint.tests.downstream.test_fontforge_validation_state.FontForgeValidateStateTest.test_duplicate_glyphs(): OK
bakery_lint.tests.downstream.test_fontforge_validation_state.FontForgeValidateStateTest.test_duplicate_unicode_codepoints(): OK
bakery_lint.tests.downstream.test_fontforge_validation_state.FontForgeValidateStateTest.test_flipped_reference_in_glyphs(): OK
bakery_lint.tests.downstream.test_fontforge_validation_state.FontForgeValidateStateTest.test_missing_anchors(): OK
bakery_lint.tests.downstream.test_fontforge_validation_state.FontForgeValidateStateTest.test_missing_extrema_in_glyphs(): FAIL
bakery_lint.tests.downstream.test_fontforge_validation_state.FontForgeValidateStateTest.test_overlapped_hints(): OK
bakery_lint.tests.downstream.test_fontforge_validation_state.FontForgeValidateStateTest.test_points_are_integer_aligned(): OK
bakery_lint.tests.downstream.test_fontforge_validation_state.FontForgeValidateStateTest.test_points_are_not_too_far_apart(): OK
bakery_lint.tests.downstream.test_fontforge_validation_state.FontForgeValidateStateTest.test_postscript_hasnt_limit_hints_in_glyphs(): OK
bakery_lint.tests.downstream.test_fontforge_validation_state.FontForgeValidateStateTest.test_postscript_hasnt_limit_points_in_glyphs(): OK
bakery_lint.tests.downstream.test_fontforge_validation_state.FontForgeValidateStateTest.test_referenced_glyphs_are_present(): OK
bakery_lint.tests.downstream.test_fontforge_validation_state.FontForgeValidateStateTest.test_valid_glyph_names(): OK
bakery_lint.tests.downstream.test_fontforge_validation_state.FontForgeValidateStateTest.test_valid_length_instructions(): OK
bakery_lint.tests.downstream.test_fontforge_validation_state.FontForgeValidateStateTest.test_validation_glyph_intersect(): OK
bakery_lint.tests.downstream.test_fontforge_validation_state.FontForgeValidateStateTest.test_validation_open_contours(): OK
bakery_lint.tests.downstream.test_fontforge_validation_state.FontForgeValidateStateTest.test_wrong_direction_in_glyphs(): OK
bakery_lint.tests.downstream.test_check_italic_angle_agreement.CheckItalicAngleAgreement.test_check_italic_angle_agreement(): OK
bakery_lint.tests.downstream.test_check_font_agreements.CheckFsTypeIsNotSet.test_is_fstype_not_set(): OK
$ fontbakery-fix-fstype.py --autofix /home/travis/build/fontdirectory/philosopher/builds/build/Philosopher-BoldItalic.ttf
$ mv /home/travis/build/fontdirectory/philosopher/builds/build/Philosopher-BoldItalic.ttf.fix /home/travis/build/fontdirectory/philosopher/builds/build/Philosopher-BoldItalic.ttf
bakery_lint.tests.downstream.test_check_font_agreements.CheckFontAgreements.test_em_is_1000(): OK
bakery_lint.tests.downstream.test_check_font_agreements.CheckFontAgreements.test_font_is_font(): OK
bakery_lint.tests.downstream.test_check_font_agreements.CheckFontAgreements.test_latin_file_exists(): FAIL
bakery_lint.tests.downstream.test_check_font_agreements.CheckFontAgreements.test_menu_file_exists(): FAIL
bakery_lint.tests.downstream.test_check_license_included.CheckLicenseIncluded.test_license_included_in_font_names(): OK
bakery_lint.tests.downstream.test_check_font_tables.CheckFontHasDsigTable.test_check_font_has_dsig_table(): FAIL
$ fontbakery-fix-dsig.py /home/travis/build/fontdirectory/philosopher/builds/build/Philosopher-BoldItalic.ttf
$ mv /home/travis/build/fontdirectory/philosopher/builds/build/Philosopher-BoldItalic.ttf.fix /home/travis/build/fontdirectory/philosopher/builds/build/Philosopher-BoldItalic.ttf
bakery_lint.tests.downstream.test_check_font_tables.CheckFontHasDsigTable.test_check_font_has_dsig_table(): OK
bakery_lint.tests.downstream.test_check_font_tables.CheckFontHasNotKernTable.test_no_kern_table_exists(): OK
bakery_lint.tests.downstream.test_check_hmtx_hhea_max_advance_width_agreement.CheckHmtxHheaMaxAdvanceWidthAgreement.test_check_hmtx_hhea_max_advance_width_agreement(): OK
bakery_lint.tests.downstream.test_check_unused_glyph_data.CheckUnusedGlyphData.test_check_unused_glyph_data(): ERROR
bakery_lint.tests.downstream.test_check_glyf_table_length.CheckGlyfTableLength.test_check_glyf_table_length(): FAIL
bakery_lint.tests.downstream.test_check_glyph_existence.CheckGlyphExistence.test_euro(): OK
bakery_lint.tests.downstream.test_check_glyph_existence.CheckGlyphExistence.test_nbsp(): OK
bakery_lint.tests.downstream.test_check_glyph_existence.CheckGlyphExistence.test_space(): OK
### Optimize TTF Philosopher-BoldItalic.ttf
$ ls -l 'Philosopher-BoldItalic.ttf'* # look at the size savings of that subset process
Philosopher-BoldItalic.ttf.opt: 150796 bytes
Philosopher-BoldItalic.ttf: 219652 bytes
$ mv /home/travis/build/fontdirectory/philosopher/builds/build/Philosopher-BoldItalic.ttf.opt /home/travis/build/fontdirectory/philosopher/builds/build/Philosopher-BoldItalic.ttf
### Autohint TTFs (ttfautohint) Philosopher-BoldItalic.ttf
$ ttfautohint -l 7 -r 28 -G 50 -x 13 -w "G" /home/travis/build/fontdirectory/philosopher/builds/build/Philosopher-BoldItalic.ttf '/home/travis/build/fontdirectory/philosopher/builds/build/Philosopher-BoldItalic.autohint.ttf'

$ ls -l /home/travis/build/fontdirectory/philosopher/builds/build/Philosopher-BoldItalic.*ttf # look at the size savings of that subset process
/home/travis/build/fontdirectory/philosopher/builds/build/Philosopher-BoldItalic.ttf: 150796 bytes
/home/travis/build/fontdirectory/philosopher/builds/build/Philosopher-BoldItalic.autohint.ttf: 78984 bytes
$ mv /home/travis/build/fontdirectory/philosopher/builds/build/Philosopher-BoldItalic.autohint.ttf /home/travis/build/fontdirectory/philosopher/builds/build/Philosopher-BoldItalic.ttf
### Subset TTFs (pyftsubset) Philosopher-BoldItalic.ttf
$ pyftsubset Philosopher-BoldItalic.latin
$ pyftsubset Philosopher-BoldItalic.menu
strippedname:/home/travis/build/fontdirectory/philosopher/builds/build/Philosopher-BoldItalic.ttf
### (5 of 6) Generate METADATA.json (fontbakery-build-metadata.py)
$ fontbakery-build-metadata.py /home/travis/build/fontdirectory/philosopher/builds/build
{} exists
Designer's name from font is: Jovanny Lemonad
Original size: 74704\nGzip size: 31704
Family Name: Philosopher
PS Name: Philosopher-BoldItalic
Full Name: Philosopher Bold Italic
Style: italic
Weight: 700
Filename: Philosopher-BoldItalic.ttf
Copyright: Copyright (c) 2011 by Jovanny Lemonad. All rights reserved.
Family Name: Philosopher
PS Name: Philosopher-Italic
Full Name: Philosopher Italic
Style: italic
Weight: 400
Filename: Philosopher-Italic.ttf
Copyright: Copyright (c) 2011 by Jovanny Lemonad. All rights reserved.
Family Name: Philosopher
PS Name: Philosopher-Bold
Full Name: Philosopher Bold
Style: normal
Weight: 700
Filename: Philosopher-Bold.ttf
Copyright: Copyright (c) 2011 by Jovanny Lemonad. All rights reserved.
Family Name: Philosopher
PS Name: Philosopher
Full Name: Philosopher
Style: normal
Weight: 400
Filename: Philosopher-Regular.ttf
Copyright: Copyright (c) 2011 by Jovanny Lemonad. All rights reserved.
### (6 of 6) Run tests for METADATA.json
$ fontbakery-check.py metadata METADATA.json
bakery_lint.tests.metadata_test.MetadataSubsetsListTest.test_charset_cyrillic(): FAIL
bakery_lint.tests.metadata_test.MetadataSubsetsListTest.test_charset_latin(): OK
bakery_lint.tests.metadata_test.MetadataSubsetsListTest.test_charset_menu(): OK
bakery_lint.tests.metadata_test.MetadataTest.test_description_is_more_than_500b(): OK
bakery_lint.tests.metadata_test.MetadataTest.test_description_is_valid_html(): FAIL
bakery_lint.tests.metadata_test.MetadataTest.test_does_not_familyName_exist_in_daltonmaag_catalogue(): FAIL
bakery_lint.tests.metadata_test.MetadataTest.test_does_not_familyName_exist_in_fontbureau_catalogue(): OK
bakery_lint.tests.metadata_test.MetadataTest.test_does_not_familyName_exist_in_fontscom_catalogue(): OK
bakery_lint.tests.metadata_test.MetadataTest.test_does_not_familyName_exist_in_fontshop_catalogue(): FAIL
bakery_lint.tests.metadata_test.MetadataTest.test_does_not_familyName_exist_in_fontsmith_catalogue(): FAIL
bakery_lint.tests.metadata_test.MetadataTest.test_does_not_familyName_exist_in_houseind_catalogue(): OK
bakery_lint.tests.metadata_test.MetadataTest.test_does_not_familyName_exist_in_myfonts_catalogue(): OK
bakery_lint.tests.metadata_test.MetadataTest.test_does_not_familyName_exist_in_veer_catalogue(): OK
bakery_lint.tests.metadata_test.MetadataTest.test_family_is_listed_in_gwf(): OK
bakery_lint.tests.metadata_test.MetadataTest.test_metadata_atleast_latin_menu_subsets_exist(): OK
/home/travis/virtualenv/python2.7.8/lib/python2.7/site-packages/bakery_lint/tests/metadata_test.py:141: UnicodeWarning: Unicode equal comparison failed to convert both arguments to Unicode - interpreting them as being unequal
  self.assertTrue(designer in designers,
bakery_lint.tests.metadata_test.MetadataTest.test_metadata_designer_exists_in_profiles_csv(): OK
bakery_lint.tests.metadata_test.MetadataTest.test_metadata_fonts_items_dicts(): OK
bakery_lint.tests.metadata_test.MetadataTest.test_metadata_fonts_key_list(): OK
bakery_lint.tests.metadata_test.MetadataTest.test_metadata_fonts_no_dupes(): OK
bakery_lint.tests.metadata_test.MetadataTest.test_metadata_has_unique_style_weight_pairs(): OK
bakery_lint.tests.metadata_test.MetadataTest.test_metadata_keys(): OK
bakery_lint.tests.metadata_test.MetadataTest.test_metadata_license(): OK
bakery_lint.tests.metadata_test.MetadataTest.test_metadata_no_unknown_top_keys(): OK
bakery_lint.tests.metadata_test.MetadataTest.test_metadata_subsets_key_list(): OK
bakery_lint.tests.metadata_test.MetadataTest.test_metadata_top_keys_types(): OK
bakery_lint.tests.downstream.test_check_text_files_exist.CheckTextFilesExist.test_copyrighttxt_exists(): FAIL
bakery_lint.tests.downstream.test_check_text_files_exist.CheckTextFilesExist.test_description_exists(): OK
bakery_lint.tests.downstream.test_check_text_files_exist.CheckTextFilesExist.test_fontlogtxt_exists(): FAIL
bakery_lint.tests.downstream.test_check_text_files_exist.CheckTextFilesExist.test_licensetxt_exists(): FAIL
bakery_lint.tests.downstream.test_check_canonical_filenames.CheckCanonicalFilenames.test_check_canonical_filenames(): OK
bakery_lint.tests.downstream.test_check_metadata_matches_nametable.CheckMetadataMatchesNameTable.test_check_metadata_matches_nametable(): OK
bakery_lint.tests.downstream.test_check_metadata_style_matches_names.CheckItalicStyleMatchesMacStyle.test_check_italic_style_matches_names(): FAIL
bakery_lint.tests.downstream.test_check_metadata_style_matches_names.CheckNormalStyleMatchesMacStyle.test_check_normal_style_matches_names(): OK
bakery_lint.tests.downstream.test_check_canonical_weights.CheckCanonicalWeights.test_check_canonical_weights(): OK
bakery_lint.tests.downstream.test_check_canonical_weights.CheckPostScriptNameMatchesWeight.test_postscriptname_contains_correct_weight(): FAIL
bakery_lint.tests.downstream.test_check_canonical_weights.CheckFontWeightSameAsInMetadata.test_font_weight_same_as_in_metadata(): OK
bakery_lint.tests.downstream.test_check_canonical_weights.CheckFullNameEqualCanonicalName.test_metadata_contains_current_font(): OK
bakery_lint.tests.downstream.test_check_subsets_exists.CheckSubsetsExist.test_check_subsets_exists(): FAIL
bakery_lint.tests.downstream.test_metadata_agreements.TestFontOnDiskFamilyEqualToMetadataJSON.test_font_on_disk_family_equal_in_metadata_json(): OK
bakery_lint.tests.downstream.test_metadata_agreements.TestPostScriptNameInMetadataEqualFontOnDisk.test_postscriptname_in_metadata_equal_to_font_on_disk(): OK
bakery_lint.tests.downstream.test_metadata_agreements.CheckMetadataAgreements.test_font_name_matches_family(): OK
bakery_lint.tests.downstream.test_metadata_agreements.CheckMetadataAgreements.test_metadata_family_values_are_all_the_same(): OK
bakery_lint.tests.downstream.test_metadata_agreements.CheckMetadataAgreements.test_metadata_filename_matches_postscriptname(): FAIL
bakery_lint.tests.downstream.test_metadata_agreements.CheckMetadataAgreements.test_metadata_font_have_regular(): OK
bakery_lint.tests.downstream.test_metadata_agreements.CheckMetadataAgreements.test_metadata_fonts_fields_have_fontname(): OK
bakery_lint.tests.downstream.test_metadata_agreements.CheckMetadataAgreements.test_metadata_fullname_is_equal_to_internal_font_fullname(): OK
bakery_lint.tests.downstream.test_metadata_agreements.CheckMetadataAgreements.test_metadata_fullname_matches_postScriptName(): OK
bakery_lint.tests.downstream.test_metadata_agreements.CheckMetadataAgreements.test_metadata_regular_is_400(): OK
bakery_lint.tests.downstream.test_metadata_agreements.CheckMetadataAgreements.test_metadata_regular_is_normal(): FAIL
bakery_lint.tests.downstream.test_check_canonical_styles.CheckCanonicalStyles.test_check_canonical_styles(): OK
bakery_lint.tests.downstream.test_metadata_font_copyright.CheckMetadataContainsReservedFontName.test_copyright_contains_correct_rfn(): FAIL
bakery_lint.tests.downstream.test_metadata_font_copyright.CheckMetadataContainsReservedFontName.test_copyright_is_consistent_across_family(): OK
bakery_lint.tests.downstream.test_metadata_font_copyright.CheckMetadataContainsReservedFontName.test_copyright_matches_pattern(): OK
bakery_lint.tests.downstream.test_metadata_font_copyright.CheckMetadataContainsReservedFontName.test_metadata_copyright_size(): OK
bakery_lint.tests.downstream.test_check_glyph_consistency.CheckGlyphConsistencyInFamily.test_the_same_encodings_of_glyphs_across_family(): OK
bakery_lint.tests.downstream.test_check_glyph_consistency.CheckGlyphConsistencyInFamily.test_the_same_names_of_glyphs_across_family(): OK
bakery_lint.tests.downstream.test_check_glyph_consistency.CheckGlyphConsistencyInFamily.test_the_same_number_of_glyphs_across_family(): OK
bakery_lint.tests.downstream.test_check_familyname_matches_fontnames.CheckFamilyNameMatchesFontNames.test_check_familyname_matches_fontnames(): OK
bakery_lint.tests.downstream.test_check_files_menu_agreements.CheckFontsMenuAgreements.test_menu_file_agreement(): OK
bakery_lint.tests.downstream.test_check_font_name_not_in_camelcase.CheckFontNameNotInCamelCase.test_fontname_not_in_camel_case(): OK
bakery_lint.tests.downstream.test_check_metadata_fields.CheckMetadataFields.test_check_metadata_fields(): OK
bakery_lint.tests.downstream.test_check_menu_contains_proper_glyphs.CheckMenuSubsetContainsProperGlyphs.test_check_menu_contains_proper_glyphs(): FAIL
bakery_lint.tests.downstream.test_check_monospace_agreements.CheckMonospaceAgreement.test_check_monospace_agreement(): OK
{
  "name": "Philosopher", 
  "designer": "Jovanny Lemonad", 
  "license": "OFL", 
  "visibility": "External", 
  "category": "Sans Serif", 
  "size": 110458, 
  "fonts": [
    {
      "name": "Philosopher", 
      "postScriptName": "Philosopher-BoldItalic", 
      "fullName": "Philosopher Bold Italic", 
      "style": "italic", 
      "weight": 700, 
      "filename": "Philosopher-BoldItalic.ttf", 
      "copyright": "Copyright (c) 2011 by Jovanny Lemonad. All rights reserved."
    }, 
    {
      "name": "Philosopher", 
      "postScriptName": "Philosopher-Italic", 
      "fullName": "Philosopher Italic", 
      "style": "italic", 
      "weight": 400, 
      "filename": "Philosopher-Italic.ttf", 
      "copyright": "Copyright (c) 2011 by Jovanny Lemonad. All rights reserved."
    }, 
    {
      "name": "Philosopher", 
      "postScriptName": "Philosopher-Bold", 
      "fullName": "Philosopher Bold", 
      "style": "normal", 
      "weight": 700, 
      "filename": "Philosopher-Bold.ttf", 
      "copyright": "Copyright (c) 2011 by Jovanny Lemonad. All rights reserved."
    }, 
    {
      "name": "Philosopher", 
      "postScriptName": "Philosopher", 
      "fullName": "Philosopher", 
      "style": "normal", 
      "weight": 400, 
      "filename": "Philosopher-Regular.ttf", 
      "copyright": "Copyright (c) 2011 by Jovanny Lemonad. All rights reserved."
    }
  ], 
  "subsets": [
    "latin", 
    "menu"
  ], 
  "dateAdded": "2011-08-31"
}
